******************************************************************************
                  TI ARM Linker PC v5.1.1                      
******************************************************************************
>> Linked Tue Mar 11 22:46:56 2014

OUTPUT FILE NAME:   <omap.out>
ENTRY POINT SYMBOL: "_c_int00"  address: 820023e4


MEMORY CONFIGURATION

         name            origin    length      used     unused   attr    fill
----------------------  --------  ---------  --------  --------  ----  --------
  int_ram               40200000   0000ffff  00000000  0000ffff  RWIX
  ext_ddr               82000000   00010000  000024cc  0000db34  RWIX


SEGMENT ALLOCATION MAP

run origin  load origin   length   init length attrs members
----------  ----------- ---------- ----------- ----- -------
82000000    82000000    00002000   00000000    rw-
  82000000    82000000    00002000   00000000    rw- .stack
82002000    82002000    00000494   00000494    r-x
  82002000    82002000    00000494   00000494    r-x .text
82002494    82002494    00000014   00000000    rw-
  82002494    82002494    00000014   00000000    rw- .data
820024a8    820024a8    00000024   00000024    r--
  820024a8    820024a8    00000024   00000024    r-- .cinit


SECTION ALLOCATION MAP

 output                                  attributes/
section   page    origin      length       input sections
--------  ----  ----------  ----------   ----------------
.stack     0    82000000    00002000     UNINITIALIZED
                  82000000    00002000     --HOLE--

.text      0    82002000    00000494     
                  82002000    00000180     rtsv7A8_A_le_eabi.lib : memcpy32.obj (.text)
                  82002180    000000d4                           : auto_init.obj (.text)
                  82002254    00000098                           : copy_decompress_rle.obj (.text)
                  820022ec    00000080                           : cpy_tbl.obj (.text)
                  8200236c    00000078                           : exit.obj (.text)
                  820023e4    00000048                           : boot.obj (.text)
                  8200242c    00000024                           : _lock.obj (.text)
                  82002450    00000020                           : args_main.obj (.text)
                  82002470    00000014                           : copy_decompress_none.obj (.text:decompress:none)
                  82002484    00000008                           : copy_decompress_rle.obj (.text:decompress:rle24)
                  8200248c    00000008     main.obj (.text)

.data      0    82002494    00000014     UNINITIALIZED
                  82002494    00000008     rtsv7A8_A_le_eabi.lib : _lock.obj (.data)
                  8200249c    00000008                           : exit.obj (.data)
                  820024a4    00000004                           : stkdepth_vars.obj (.data)

.cinit     0    820024a8    00000024     
                  820024a8    00000011     (.cinit..data.load) [load image, compression = rle]
                  820024b9    00000003     --HOLE-- [fill = 0]
                  820024bc    00000008     (__TI_handler_table)
                  820024c4    00000008     (__TI_cinit_table)


LINKER GENERATED COPY TABLES

__TI_cinit_table @ 820024c4 records: 1, size/record: 8, table size: 8
	.data: load addr=820024a8, load size=00000011 bytes, run addr=82002494, run size=00000014 bytes, compression=rle


LINKER GENERATED HANDLER TABLE

__TI_handler_table @ 820024bc records: 2, size/record: 4, table size: 8
	index: 0, handler: __TI_decompress_rle24
	index: 1, handler: __TI_decompress_none


GLOBAL SYMBOLS: SORTED ALPHABETICALLY BY Name 

address    name
--------   ----
8200236c   C$$EXIT
UNDEFED    SHT$$INIT_ARRAY$$Base
UNDEFED    SHT$$INIT_ARRAY$$Limit
82002000   __STACK_END
00002000   __STACK_SIZE
820024c4   __TI_CINIT_Base
820024cc   __TI_CINIT_Limit
820024bc   __TI_Handler_Table_Base
820024c4   __TI_Handler_Table_Limit
00000001   __TI_args_main
82002180   __TI_auto_init
8200249c   __TI_cleanup_ptr
82002470   __TI_decompress_none
82002484   __TI_decompress_rle24
820024a0   __TI_dtors_ptr
820024a8   __TI_static_base__
82002000   __aeabi_memcpy
82002000   __aeabi_memcpy4
82002000   __aeabi_memcpy8
ffffffff   __binit__
ffffffff   __c_args__
82000000   __stack
82002450   _args_main
820023e4   _c_int00
82002494   _lock
82002444   _nop
82002438   _register_lock
8200242c   _register_unlock
82002498   _unlock
82002374   abort
ffffffff   binit
820022ec   copy_in
82002380   exit
8200248c   main
820024a4   main_func_sp
82002000   memcpy


GLOBAL SYMBOLS: SORTED BY Symbol Address 

address    name
--------   ----
00000001   __TI_args_main
00002000   __STACK_SIZE
82000000   __stack
82002000   __STACK_END
82002000   __aeabi_memcpy
82002000   __aeabi_memcpy4
82002000   __aeabi_memcpy8
82002000   memcpy
82002180   __TI_auto_init
820022ec   copy_in
8200236c   C$$EXIT
82002374   abort
82002380   exit
820023e4   _c_int00
8200242c   _register_unlock
82002438   _register_lock
82002444   _nop
82002450   _args_main
82002470   __TI_decompress_none
82002484   __TI_decompress_rle24
8200248c   main
82002494   _lock
82002498   _unlock
8200249c   __TI_cleanup_ptr
820024a0   __TI_dtors_ptr
820024a4   main_func_sp
820024a8   __TI_static_base__
820024bc   __TI_Handler_Table_Base
820024c4   __TI_CINIT_Base
820024c4   __TI_Handler_Table_Limit
820024cc   __TI_CINIT_Limit
ffffffff   __binit__
ffffffff   __c_args__
ffffffff   binit
UNDEFED    SHT$$INIT_ARRAY$$Base
UNDEFED    SHT$$INIT_ARRAY$$Limit

[36 symbols]
