******************************************************************************
                  TI ARM Linker PC v5.1.1                      
******************************************************************************
>> Linked Fri Mar 14 12:56:11 2014

OUTPUT FILE NAME:   <omap.out>
ENTRY POINT SYMBOL: "_c_int00"  address: 82004ccc


MEMORY CONFIGURATION

         name            origin    length      used     unused   attr    fill
----------------------  --------  ---------  --------  --------  ----  --------
  int_ram               40200000   0000ffff  00000000  0000ffff  RWIX
  ext_ddr               82000000   00010000  00004eb0  0000b150  RWIX


SEGMENT ALLOCATION MAP

run origin  load origin   length   init length attrs members
----------  ----------- ---------- ----------- ----- -------
82000000    82000000    00004000   00000000    rw-
  82000000    82000000    00002000   00000000    rw- .stack
  82002000    82002000    00002000   00000000    rw- .sysmem
82004000    82004000    00000db8   00000db8    r-x
  82004000    82004000    00000db8   00000db8    r-x .text
82004db8    82004db8    000000b0   00000000    rw-
  82004db8    82004db8    00000090   00000000    rw- .bss
  82004e48    82004e48    00000020   00000000    rw- .data
82004e68    82004e68    00000048   00000048    r--
  82004e68    82004e68    00000048   00000048    r-- .cinit


SECTION ALLOCATION MAP

 output                                  attributes/
section   page    origin      length       input sections
--------  ----  ----------  ----------   ----------------
.stack     0    82000000    00002000     UNINITIALIZED
                  82000000    00002000     --HOLE--

.sysmem    0    82002000    00002000     UNINITIALIZED
                  82002000    00000008     rtsv7A8_A_le_eabi.lib : memory.obj (.sysmem)
                  82002008    00001ff8     --HOLE--

.text      0    82004000    00000db8     
                  82004000    00000620     rtsv7A8_A_le_eabi.lib : memory.obj (.text)
                  82004620    000002c8     timer.obj (.text)
                  820048e8    00000180     rtsv7A8_A_le_eabi.lib : memcpy32.obj (.text)
                  82004a68    000000d4                           : auto_init.obj (.text)
                  82004b3c    00000098                           : copy_decompress_rle.obj (.text)
                  82004bd4    00000080                           : cpy_tbl.obj (.text)
                  82004c54    00000078                           : exit.obj (.text)
                  82004ccc    00000048                           : boot.obj (.text)
                  82004d14    00000024     main.obj (.text)
                  82004d38    00000024     rtsv7A8_A_le_eabi.lib : _lock.obj (.text)
                  82004d5c    00000020                           : copy_zero_init.obj (.text:decompress:ZI)
                  82004d7c    00000020                           : args_main.obj (.text)
                  82004d9c    00000014                           : copy_decompress_none.obj (.text:decompress:none)
                  82004db0    00000008                           : copy_decompress_rle.obj (.text:decompress:rle24)

.bss       0    82004db8    00000090     UNINITIALIZED
                  82004db8    00000090     timer.obj (.bss:timers)

.data      0    82004e48    00000020     UNINITIALIZED
                  82004e48    0000000c     rtsv7A8_A_le_eabi.lib : memory.obj (.data)
                  82004e54    00000008                           : _lock.obj (.data)
                  82004e5c    00000008                           : exit.obj (.data)
                  82004e64    00000004                           : stkdepth_vars.obj (.data)

.cinit     0    82004e68    00000048     
                  82004e68    0000001d     (.cinit..data.load) [load image, compression = rle]
                  82004e85    00000003     --HOLE-- [fill = 0]
                  82004e88    0000000c     (__TI_handler_table)
                  82004e94    00000004     --HOLE-- [fill = 0]
                  82004e98    00000008     (.cinit..bss.load) [load image, compression = zero_init]
                  82004ea0    00000010     (__TI_cinit_table)


LINKER GENERATED COPY TABLES

__TI_cinit_table @ 82004ea0 records: 2, size/record: 8, table size: 16
	.data: load addr=82004e68, load size=0000001d bytes, run addr=82004e48, run size=00000020 bytes, compression=rle
	.bss: load addr=82004e98, load size=00000008 bytes, run addr=82004db8, run size=00000090 bytes, compression=zero_init


LINKER GENERATED HANDLER TABLE

__TI_handler_table @ 82004e88 records: 3, size/record: 4, table size: 12
	index: 0, handler: __TI_zero_init
	index: 1, handler: __TI_decompress_rle24
	index: 2, handler: __TI_decompress_none


GLOBAL SYMBOLS: SORTED ALPHABETICALLY BY Name 

address    name
--------   ----
82004c54   C$$EXIT
UNDEFED    SHT$$INIT_ARRAY$$Base
UNDEFED    SHT$$INIT_ARRAY$$Limit
82002000   __STACK_END
00002000   __STACK_SIZE
00002000   __SYSMEM_SIZE
82004ea0   __TI_CINIT_Base
82004eb0   __TI_CINIT_Limit
82004e88   __TI_Handler_Table_Base
82004e94   __TI_Handler_Table_Limit
00000001   __TI_args_main
82004a68   __TI_auto_init
82004e5c   __TI_cleanup_ptr
82004d9c   __TI_decompress_none
82004db0   __TI_decompress_rle24
82004e60   __TI_dtors_ptr
82004e68   __TI_static_base__
82004d5c   __TI_zero_init
820048e8   __aeabi_memcpy
820048e8   __aeabi_memcpy4
820048e8   __aeabi_memcpy8
ffffffff   __binit__
ffffffff   __c_args__
82000000   __stack
82004d7c   _args_main
82004ccc   _c_int00
82004e54   _lock
82004d50   _nop
82004d44   _register_lock
82004d38   _register_unlock
82002000   _sys_memory
82004e58   _unlock
82004c5c   abort
ffffffff   binit
820045bc   calloc
82004bd4   copy_in
8200467c   disable_timer_interrupt
82004658   enable_timer_interrupt
82004c68   exit
820041ac   free
82004710   get_timer_by_id
82004d14   main
82004e64   main_func_sp
820040f8   malloc
82004484   memalign
820048e8   memcpy
82004000   minit
82004300   realloc
82004854   request_timer
82004748   request_timer_by_id
82004700   request_timer_irq
820046a0   start_timer
820046c4   stop_timer
820046ec   write_timer_counter


GLOBAL SYMBOLS: SORTED BY Symbol Address 

address    name
--------   ----
00000001   __TI_args_main
00002000   __STACK_SIZE
00002000   __SYSMEM_SIZE
82000000   __stack
82002000   __STACK_END
82002000   _sys_memory
82004000   minit
820040f8   malloc
820041ac   free
82004300   realloc
82004484   memalign
820045bc   calloc
82004658   enable_timer_interrupt
8200467c   disable_timer_interrupt
820046a0   start_timer
820046c4   stop_timer
820046ec   write_timer_counter
82004700   request_timer_irq
82004710   get_timer_by_id
82004748   request_timer_by_id
82004854   request_timer
820048e8   __aeabi_memcpy
820048e8   __aeabi_memcpy4
820048e8   __aeabi_memcpy8
820048e8   memcpy
82004a68   __TI_auto_init
82004bd4   copy_in
82004c54   C$$EXIT
82004c5c   abort
82004c68   exit
82004ccc   _c_int00
82004d14   main
82004d38   _register_unlock
82004d44   _register_lock
82004d50   _nop
82004d5c   __TI_zero_init
82004d7c   _args_main
82004d9c   __TI_decompress_none
82004db0   __TI_decompress_rle24
82004e54   _lock
82004e58   _unlock
82004e5c   __TI_cleanup_ptr
82004e60   __TI_dtors_ptr
82004e64   main_func_sp
82004e68   __TI_static_base__
82004e88   __TI_Handler_Table_Base
82004e94   __TI_Handler_Table_Limit
82004ea0   __TI_CINIT_Base
82004eb0   __TI_CINIT_Limit
ffffffff   __binit__
ffffffff   __c_args__
ffffffff   binit
UNDEFED    SHT$$INIT_ARRAY$$Base
UNDEFED    SHT$$INIT_ARRAY$$Limit

[54 symbols]
